label: gpt
label-id: FB61D128-8490-4DA3-A095-3BA955713428
device: /dev/nvme0n1
unit: sectors
first-lba: 34
last-lba: 2000409230
sector-size: 512

/dev/nvme0n1p1 : start=        2048, size=      532480, type=C12A7328-F81F-11D2-BA4B-00A0C93EC93B, uuid=559E5867-C917-479B-A7C4-E3F96DDE104D, name="EFI system partition"
/dev/nvme0n1p2 : start=      534528, size=       32768, type=E3C9E316-0B5C-4DB8-817D-F92DF00215AE, uuid=64FD1D1C-4DDC-46B0-BB2B-1EFAB8207EE4, name="Microsoft reserved partition"
/dev/nvme0n1p3 : start=      567296, size=  1368748687, type=EBD0A0A2-B9E5-4433-87C0-68B6B72699C7, uuid=AEB455B1-BF9B-467E-BACF-E50C5BDDE56A, name="Basic data partition"
/dev/nvme0n1p4 : start=  1369317376, size=   629143552, type=E6D6D379-F507-44C2-A23C-238F2A3DF928, uuid=DC00478E-5EB9-4602-8759-EDB28A4B876D, name="Basic data partition"
/dev/nvme0n1p5 : start=  1998462976, size=     1536000, type=DE94BBA4-06D1-4D40-A16A-BFD50179D6AC, uuid=5AB01F90-D3E5-4D3A-B41A-03B4EB2BFEB0, name="Basic data partition", attrs="RequiredPartition GUID:63"
/dev/nvme0n1p6 : start=  1999998976, size=      409600, type=DE94BBA4-06D1-4D40-A16A-BFD50179D6AC, uuid=A73F322F-49FA-40E3-9C52-EC3D4D780174, name="Basic data partition", attrs="RequiredPartition GUID:63"
